# serializer version: 1
# name: test_entry_diagnostics
  dict({
    'config_entry': dict({
      'data': dict({
        'name': 'simple config',
      }),
      'disabled_by': None,
      'discovery_keys': dict({
      }),
      'domain': 'simple_integration',
      'minor_version': 1,
      'options': dict({
      }),
      'pref_disable_new_entities': False,
      'pref_disable_polling': False,
      'source': 'user',
      'subentries': list([
      ]),
      'title': 'Mock Title',
      'unique_id': None,
      'version': 1,
    }),
  })
# ---
